// Jest Snapshot v1, https://goo.gl/fbAQLP

exports[`<AboutPage /> component test renders page header for profile component without crashing 1`] = `
<div
  className="jumbotron"
>
  <h1
    className="display-4"
  >
    About Us
  </h1>
  <p>
    The application uses react, redux and other libraries
  </p>
</div>
`;
