// Jest Snapshot v1, https://goo.gl/fbAQLP

exports[`authors page should render without crashing 1`] = `
<div>
  <TopSection
    buttonLabel="Add Author"
    pageTitle="Authors"
    redirectFunc={[Function]}
  />
  <NoItems
    displayText="There are no registered authors"
  />
</div>
`;
